Renesas Optimizing Linker (W2.06.00 )             04-Jul-2017 16:35:37

*** Options ***

-subcommand=DefaultBuild\Ens_sogo2.clnk
-Input=DefaultBuild\cstart.obj
-Input=DefaultBuild\hdwinit.obj
-Input=DefaultBuild\main.obj
-Input=DefaultBuild\stkinit.obj
-Input=DefaultBuild\initialize.obj
-Input=DefaultBuild\lcd.obj
-SECURITY_ID=00000000000000000000
-DEVICE=C:\Program Files\Renesas Electronics\CS+\CC\Device\RL78\Devicefile\DR5F104LE.DVF
-DEBug
-NOCOmpress
-NOOPtimize
-OUtput=DefaultBuild\Ens_sogo2.abs
-LIBrary=C:\Program Files\Renesas Electronics\CS+\CC\CC-RL\V1.04.00\lib\rl78em4s.lib
-LIBrary=C:\Program Files\Renesas Electronics\CS+\CC\CC-RL\V1.04.00\lib\malloc_n.lib
-LIBrary=C:\Program Files\Renesas Electronics\CS+\CC\CC-RL\V1.04.00\lib\rl78em4r.lib
-OCDBG=85
-DEBUG_MONITOR=FE00-FFFF
-USER_OPT_BYTE=60FFE8
-LISt=DefaultBuild\Ens_sogo2.map
-AUTO_SECTION_LAYOUT
-ROm=.data=.dataR
-ROm=.sdata=.sdataR
-NOMessage
-MEMory=High
-NOLOgo
-end

*** Error information ***

*** Mapping List ***

SECTION                            START      END         SIZE   ALIGN

.vect
                                  00000000  0000007f        80   0
.constf
                                  00000080  00000089         a   2
.sdata
                                  00000080  00000080         0   2
.data
                                  0000008a  0000008a         1   2
.option_byte
                                  000000c0  000000c3         4   1
.security_id
                                  000000c4  000000cd         a   1
.monitor1
                                  000000ce  000000d7         a   1
.text
                                  000000d8  0000012f        58   1
.textf
                                  00000130  00000625       4f6   1
.RLIB
                                  00000626  00000fae       989   1
.const
                                  00002000  00002053        54   2
.SLIB
                                  00002054  00003e6e      1e1b   1
.monitor2
                                  0000fe00  0000ffff       200   1
.bss
                                  000fe900  000fe97f        80   2
.dataR
                                  000fe980  000fe980         1   2
.sbss
                                  000ffe20  000ffe20         0   2
.sdataR
                                  000ffe20  000ffe20         0   2
